// Jest Snapshot v1, https://goo.gl/fbAQLP

exports[`renders homepage unchanged 1`] = `
<div>
  <main>
    <div
      class="header hoverborder lockish"
    />
    <div
      class="rylab-copy lockish"
    >
      (: hello :)
    </div>
    <div
      class="content lockish"
    >
      <p
        class="haiku-today large light hoverdark"
      >
        someday I will make,
        <br />
        a great personal website;
        <br />
        it may be today
      </p>
      <p
        class="haiku-tomorrow small dark hoverlight"
      >
        perhaps tomorrow?
        <br />
        probably not then either
        <br />
        our planet still spins
        <br />
      </p>
      <div
        class="narrow list"
      >
        <div
          class="demo"
        >
          <a
            href="/demos/tapeai"
            title="Tape AI playground"
          >
            Tape AI (music cassette maker)
          </a>
        </div>
        <div
          class="demo"
        >
          <a
            href="/demos/tapespinner"
            title="Tape Spinner playground"
          >
            Animated SVG cassettes
          </a>
        </div>
        <div
          class="digitalhaiku"
        >
          <a
            href="https://medium.com/@rylab/abc-digitally-evolving-futurist-goals-9b11bd0f54d2"
            rel="noreferrer"
            target="_medium"
            title="My Haiku on Medium"
          >
            #digitalhaiku
          </a>
        </div>
        <div
          class="saxylab"
        >
          <a
            href="https://saxylab.com"
            target="_saxylab"
            title="Saxy and Ryan :: SaxyLab"
          >
            SaxyLab
          </a>
        </div>
        <div
          class="sc-aXZVg iXnuBG"
          data-testid="loading-spinner"
        >
          <svg
            class="spinner"
            viewBox="0 0 50 50"
          >
            <lineargradient
              gradientTransform="rotate(120)"
              id="linear"
              x1="0%"
              x2="100%"
              y1="0%"
              y2="0%"
            >
              <stop
                offset="5%"
                stop-color="#010101"
              />
              <stop
                offset="95%"
                stop-color="#343434"
              />
            </lineargradient>
            <circle
              class="path"
              cx="25"
              cy="25"
              fill="url(#linear)"
              r="20"
              stroke-width="2"
            />
          </svg>
        </div>
      </div>
      <br />
      <h1
        style="margin-bottom: 20px; margin-top: 40px;"
      >
        Digital Selves
      </h1>
      <div
        class="sc-aXZVg iXnuBG"
        data-testid="loading-spinner"
      >
        <svg
          class="spinner"
          viewBox="0 0 50 50"
        >
          <lineargradient
            gradientTransform="rotate(120)"
            id="linear"
            x1="0%"
            x2="100%"
            y1="0%"
            y2="0%"
          >
            <stop
              offset="5%"
              stop-color="#010101"
            />
            <stop
              offset="95%"
              stop-color="#343434"
            />
          </lineargradient>
          <circle
            class="path"
            cx="25"
            cy="25"
            fill="url(#linear)"
            r="20"
            stroke-width="2"
          />
        </svg>
      </div>
    </div>
    <img
      alt="// MacOS <== ++BSD;"
      class="bsd lockish"
      src="/img/bsd_extrovert.webp"
    />
  </main>
</div>
`;
